error: expected character literal
 --> $DIR/kind-mismatch.rs:3:16
  |
3 | seq!(N in 'a'..b'z' {});
  |                ^^^^
